
> real-time-docsync@0.1.0 build
> next build

Γû▓ Next.js 16.1.6 (Turbopack)

  Creating an optimized production build ...
node.exe : 
At line:1 char:1
+ & "C:\Program Files\
nodejs/node.exe" 
"C:\Program 
Files\nodejs/node_mo 
...
+ ~~~~~~~~~~~~~~~~~~~~
~~~~~~~~~~~~~~~~~~~~~~
~~~~~~~~~~~~~~~~~~~~~~
~~~~~
    + CategoryInfo    
          : NotSpeci  
  fied: (:String) [   
 ], RemoteExceptio    
n
    + FullyQualifiedE 
   rrorId : NativeCo  
  mmandError
 
> Build error occurred
Error: Turbopack 
build failed with 5 
errors:
./node_modules/@tiptap
/extension-collaborati
on/dist/index.js:4:1
Module not found: 
Can't resolve 
'@tiptap/y-tiptap'
[0m [90m 2 |[39m 
[36mimport[39m { 
[33mExtension[39m } 
[36mfrom[39m [32m"@
tiptap/core"[39m[33m
;[39m
 [90m 3 |[39m 
[36mimport[39m { [3
3mPlugin[39m[33m,[3
9m 
[33mPluginKey[39m } 
[36mfrom[39m [32m"@
tiptap/pm/state"[39m
[33m;[39m
[31m[1m>[22m[39m[
90m 4 |[39m 
[36mimport[39m { 
redo[33m,[39m 
undo[33m,[39m ySyncP
lugin[33m,[39m yUndo
Plugin[33m,[39m yUnd
oPluginKey[33m,[39m 
yXmlFragmentToProsemir
rorJSON } 
[36mfrom[39m [32m"@
tiptap/y-tiptap"[39m
[33m;[39m
 [90m   |[39m [31m
[1m^[22m[39m[31m[1
m^[22m[39m[31m[1m^
[22m[39m[31m[1m^[
22m[39m[31m[1m^[22
m[39m[31m[1m^[22m
[39m[31m[1m^[22m[3
9m[31m[1m^[22m[39m
[31m[1m^[22m[39m[
31m[1m^[22m[39m[31
m[1m^[22m[39m[31m
[1m^[22m[39m[31m[1
m^[22m[39m[31m[1m^
[22m[39m[31m[1m^[
22m[39m[31m[1m^[22
m[39m[31m[1m^[22m
[39m[31m[1m^[22m[3
9m[31m[1m^[22m[39m
[31m[1m^[22m[39m[
31m[1m^[22m[39m[31
m[1m^[22m[39m[31m
[1m^[22m[39m[31m[1
m^[22m[39m[31m[1m^
[22m[39m[31m[1m^[
22m[39m[31m[1m^[22
m[39m[31m[1m^[22m
[39m[31m[1m^[22m[3
9m[31m[1m^[22m[39m
[31m[1m^[22m[39m[
31m[1m^[22m[39m[31
m[1m^[22m[39m[31m
[1m^[22m[39m[31m[1
m^[22m[39m[31m[1m^
[22m[39m[31m[1m^[
22m[39m[31m[1m^[22
m[39m[31m[1m^[22m
[39m[31m[1m^[22m[3
9m[31m[1m^[22m[39m
[31m[1m^[22m[39m[
31m[1m^[22m[39m[31
m[1m^[22m[39m[31m
[1m^[22m[39m[31m[1
m^[22m[39m[31m[1m^
[22m[39m[31m[1m^[
22m[39m[31m[1m^[22
m[39m[31m[1m^[22m
[39m[31m[1m^[22m[3
9m[31m[1m^[22m[39m
[31m[1m^[22m[39m[
31m[1m^[22m[39m[31
m[1m^[22m[39m[31m
[1m^[22m[39m[31m[1
m^[22m[39m[31m[1m^
[22m[39m[31m[1m^[
22m[39m[31m[1m^[22
m[39m[31m[1m^[22m
[39m[31m[1m^[22m[3
9m[31m[1m^[22m[39m
[31m[1m^[22m[39m[
31m[1m^[22m[39m[31
m[1m^[22m[39m[31m
[1m^[22m[39m[31m[1
m^[22m[39m[31m[1m^
[22m[39m[31m[1m^[
22m[39m[31m[1m^[22
m[39m[31m[1m^[22m
[39m[31m[1m^[22m[3
9m[31m[1m^[22m[39m
[31m[1m^[22m[39m[
31m[1m^[22m[39m[31
m[1m^[22m[39m[31m
[1m^[22m[39m[31m[1
m^[22m[39m[31m[1m^
[22m[39m[31m[1m^[
22m[39m[31m[1m^[22
m[39m[31m[1m^[22m
[39m[31m[1m^[22m[3
9m[31m[1m^[22m[39m
[31m[1m^[22m[39m[
31m[1m^[22m[39m[31
m[1m^[22m[39m[31m
[1m^[22m[39m[31m[1
m^[22m[39m[31m[1m^
[22m[39m[31m[1m^[
22m[39m[31m[1m^[22
m[39m[31m[1m^[22m
[39m[31m[1m^[22m[3
9m[31m[1m^[22m[39m
[31m[1m^[22m[39m[
31m[1m^[22m[39m[31
m[1m^[22m[39m[31m
[1m^[22m[39m[31m[1
m^[22m[39m[31m[1m^
[22m[39m[31m[1m^[
22m[39m[31m[1m^[22
m[39m[31m[1m^[22m
[39m[31m[1m^[22m[3
9m[31m[1m^[22m[39m
[31m[1m^[22m[39m[
31m[1m^[22m[39m[31
m[1m^[22m[39m[31m
[1m^[22m[39m[31m[1
m^[22m[39m[31m[1m^
[22m[39m[31m[1m^[
22m[39m[31m[1m^[22
m[39m[31m[1m^[22m
[39m[31m[1m^[22m[3
9m[31m[1m^[22m[39m
[31m[1m^[22m[39m
 [90m 5 |[39m
 [90m 6 |[39m 
[90m// src/helpers/Co
llaborationMappablePos
ition.ts[39m
 [90m 7 |[39m 
[36mimport[39m {[0m



Import traces:
  Client Component 
Browser:
    ./node_modules/@ti
ptap/extension-collabo
ration/dist/index.js 
[Client Component 
Browser]
    ./components/edito
r/Editor.tsx [Client 
Component Browser]
    ./components/edito
r/Editor.tsx [Server 
Component]
    ./app/docs/[id]/pa
ge.tsx [Server 
Component]

  Client Component 
SSR:
    ./node_modules/@ti
ptap/extension-collabo
ration/dist/index.js 
[Client Component SSR]
    ./components/edito
r/Editor.tsx [Client 
Component SSR]
    ./components/edito
r/Editor.tsx [Server 
Component]
    ./app/docs/[id]/pa
ge.tsx [Server 
Component]

https://nextjs.org/doc
s/messages/module-not-
found


./node_modules/@tiptap
/extension-collaborati
on/dist/index.js:13:1
Module not found: 
Can't resolve 
'@tiptap/y-tiptap'
[0m [90m 11 |[39m
 [90m 12 |[39m 
[90m// src/helpers/is
ChangeOrigin.ts[39m
[31m[1m>[22m[39m[
90m 13 |[39m 
[36mimport[39m { 
ySyncPluginKey } 
[36mfrom[39m [32m"@
tiptap/y-tiptap"[39m
[33m;[39m
 [90m    |[39m [31m
[1m^[22m[39m[31m[
1m^[22m[39m[31m[1m
^[22m[39m[31m[1m^
[22m[39m[31m[1m^[2
2m[39m[31m[1m^[22m
[39m[31m[1m^[22m[
39m[31m[1m^[22m[39
m[31m[1m^[22m[39m
[31m[1m^[22m[39m[3
1m[1m^[22m[39m[31m
[1m^[22m[39m[31m[
1m^[22m[39m[31m[1m
^[22m[39m[31m[1m^
[22m[39m[31m[1m^[2
2m[39m[31m[1m^[22m
[39m[31m[1m^[22m[
39m[31m[1m^[22m[39
m[31m[1m^[22m[39m
[31m[1m^[22m[39m[3
1m[1m^[22m[39m[31m
[1m^[22m[39m[31m[
1m^[22m[39m[31m[1m
^[22m[39m[31m[1m^
[22m[39m[31m[1m^[2
2m[39m[31m[1m^[22m
[39m[31m[1m^[22m[
39m[31m[1m^[22m[39
m[31m[1m^[22m[39m
[31m[1m^[22m[39m[3
1m[1m^[22m[39m[31m
[1m^[22m[39m[31m[
1m^[22m[39m[31m[1m
^[22m[39m[31m[1m^
[22m[39m[31m[1m^[2
2m[39m[31m[1m^[22m
[39m[31m[1m^[22m[
39m[31m[1m^[22m[39
m[31m[1m^[22m[39m
[31m[1m^[22m[39m[3
1m[1m^[22m[39m[31m
[1m^[22m[39m[31m[
1m^[22m[39m[31m[1m
^[22m[39m[31m[1m^
[22m[39m[31m[1m^[2
2m[39m[31m[1m^[22m
[39m
 [90m 14 |[39m 
[36mfunction[39m isC
hangeOrigin(transactio
n) {
 [90m 15 |[39m   
[36mreturn[39m [33m
![39m[33m![39mtrans
action[33m.[39mgetMe
ta(ySyncPluginKey)[33
m;[39m
 [90m 16 |[39m }[0m



Import traces:
  Client Component 
Browser:
    ./node_modules/@ti
ptap/extension-collabo
ration/dist/index.js 
[Client Component 
Browser]
    ./components/edito
r/Editor.tsx [Client 
Component Browser]
    ./components/edito
r/Editor.tsx [Server 
Component]
    ./app/docs/[id]/pa
ge.tsx [Server 
Component]

  Client Component 
SSR:
    ./node_modules/@ti
ptap/extension-collabo
ration/dist/index.js 
[Client Component SSR]
    ./components/edito
r/Editor.tsx [Client 
Component SSR]
    ./components/edito
r/Editor.tsx [Server 
Component]
    ./app/docs/[id]/pa
ge.tsx [Server 
Component]

https://nextjs.org/doc
s/messages/module-not-
found


./node_modules/@tiptap
/extension-collaborati
on/dist/index.js:19:1
Module not found: 
Can't resolve 
'@tiptap/y-tiptap'
[0m [90m 17 |[39m
 [90m 18 |[39m 
[90m// src/helpers/yR
elativePosition.ts[39
m
[31m[1m>[22m[39m[
90m 19 |[39m 
[36mimport[39m {
 [90m    |[39m [31m
[1m^[22m[39m[31m[
1m^[22m[39m[31m[1m
^[22m[39m[31m[1m^
[22m[39m[31m[1m^[2
2m[39m[31m[1m^[22m
[39m[31m[1m^[22m[
39m[31m[1m^[22m[39
m
[31m[1m>[22m[39m[
90m 20 |[39m   absolu
tePositionToRelativePo
sition[33m,[39m
 [90m    |[39m [31m
[1m^[22m[39m[31m[
1m^[22m[39m[31m[1m
^[22m[39m[31m[1m^
[22m[39m[31m[1m^[2
2m[39m[31m[1m^[22m
[39m[31m[1m^[22m[
39m[31m[1m^[22m[39
m[31m[1m^[22m[39m
[31m[1m^[22m[39m[3
1m[1m^[22m[39m[31m
[1m^[22m[39m[31m[
1m^[22m[39m[31m[1m
^[22m[39m[31m[1m^
[22m[39m[31m[1m^[2
2m[39m[31m[1m^[22m
[39m[31m[1m^[22m[
39m[31m[1m^[22m[39
m[31m[1m^[22m[39m
[31m[1m^[22m[39m[3
1m[1m^[22m[39m[31m
[1m^[22m[39m[31m[
1m^[22m[39m[31m[1m
^[22m[39m[31m[1m^
[22m[39m[31m[1m^[2
2m[39m[31m[1m^[22m
[39m[31m[1m^[22m[
39m[31m[1m^[22m[39
m[31m[1m^[22m[39m
[31m[1m^[22m[39m[3
1m[1m^[22m[39m[31m
[1m^[22m[39m[31m[
1m^[22m[39m[31m[1m
^[22m[39m[31m[1m^
[22m[39m
[31m[1m>[22m[39m[
90m 21 |[39m   relati
vePositionToAbsolutePo
sition[33m,[39m
 [90m    |[39m [31m
[1m^[22m[39m[31m[
1m^[22m[39m[31m[1m
^[22m[39m[31m[1m^
[22m[39m[31m[1m^[2
2m[39m[31m[1m^[22m
[39m[31m[1m^[22m[
39m[31m[1m^[22m[39
m[31m[1m^[22m[39m
[31m[1m^[22m[39m[3
1m[1m^[22m[39m[31m
[1m^[22m[39m[31m[
1m^[22m[39m[31m[1m
^[22m[39m[31m[1m^
[22m[39m[31m[1m^[2
2m[39m[31m[1m^[22m
[39m[31m[1m^[22m[
39m[31m[1m^[22m[39
m[31m[1m^[22m[39m
[31m[1m^[22m[39m[3
1m[1m^[22m[39m[31m
[1m^[22m[39m[31m[
1m^[22m[39m[31m[1m
^[22m[39m[31m[1m^
[22m[39m[31m[1m^[2
2m[39m[31m[1m^[22m
[39m[31m[1m^[22m[
39m[31m[1m^[22m[39
m[31m[1m^[22m[39m
[31m[1m^[22m[39m[3
1m[1m^[22m[39m[31m
[1m^[22m[39m[31m[
1m^[22m[39m[31m[1m
^[22m[39m[31m[1m^
[22m[39m
[31m[1m>[22m[39m[
90m 22 |[39m   
ySyncPluginKey 
[36mas[39m 
ySyncPluginKey2
 [90m    |[39m [31m
[1m^[22m[39m[31m[
1m^[22m[39m[31m[1m
^[22m[39m[31m[1m^
[22m[39m[31m[1m^[2
2m[39m[31m[1m^[22m
[39m[31m[1m^[22m[
39m[31m[1m^[22m[39
m[31m[1m^[22m[39m
[31m[1m^[22m[39m[3
1m[1m^[22m[39m[31m
[1m^[22m[39m[31m[
1m^[22m[39m[31m[1m
^[22m[39m[31m[1m^
[22m[39m[31m[1m^[2
2m[39m[31m[1m^[22m
[39m[31m[1m^[22m[
39m[31m[1m^[22m[39
m[31m[1m^[22m[39m
[31m[1m^[22m[39m[3
1m[1m^[22m[39m[31m
[1m^[22m[39m[31m[
1m^[22m[39m[31m[1m
^[22m[39m[31m[1m^
[22m[39m[31m[1m^[2
2m[39m[31m[1m^[22m
[39m[31m[1m^[22m[
39m[31m[1m^[22m[39
m[31m[1m^[22m[39m
[31m[1m^[22m[39m[3
1m[1m^[22m[39m[31m
[1m^[22m[39m[31m[
1m^[22m[39m[31m[1m
^[22m[39m[31m[1m^
[22m[39m
[31m[1m>[22m[39m[
90m 23 |[39m } 
[36mfrom[39m [32m"@
tiptap/y-tiptap"[39m
[33m;[39m
 [90m    |[39m [31m
[1m^[22m[39m[31m[
1m^[22m[39m[31m[1m
^[22m[39m[31m[1m^
[22m[39m[31m[1m^[2
2m[39m[31m[1m^[22m
[39m[31m[1m^[22m[
39m[31m[1m^[22m[39
m[31m[1m^[22m[39m
[31m[1m^[22m[39m[3
1m[1m^[22m[39m[31m
[1m^[22m[39m[31m[
1m^[22m[39m[31m[1m
^[22m[39m[31m[1m^
[22m[39m[31m[1m^[2
2m[39m[31m[1m^[22m
[39m[31m[1m^[22m[
39m[31m[1m^[22m[39
m[31m[1m^[22m[39m
[31m[1m^[22m[39m[3
1m[1m^[22m[39m[31m
[1m^[22m[39m[31m[
1m^[22m[39m[31m[1m
^[22m[39m[31m[1m^
[22m[39m[31m[1m^[2
2m[39m
 [90m 24 |[39m 
[36mfunction[39m get
YAbsolutePosition(stat
e[33m,[39m 
relativePos) {
 [90m 25 |[39m   
[36mconst[39m 
ystate [33m=[39m ySy
ncPluginKey2[33m.[39
mgetState(state)[33m;
[39m
 [90m 26 |[39m   
[36mreturn[39m relat
ivePositionToAbsoluteP
osition(ystate[33m.[
39mdoc[33m,[39m ysta
te[33m.[39mtype[33m
,[39m relativePos[33
m,[39m ystate[33m.[
39mbinding[33m.[39mm
apping) [33m||[39m 
[35m0[39m[33m;[39m
[0m



Import traces:
  Client Component 
Browser:
    ./node_modules/@ti
ptap/extension-collabo
ration/dist/index.js 
[Client Component 
Browser]
    ./components/edito
r/Editor.tsx [Client 
Component Browser]
    ./components/edito
r/Editor.tsx [Server 
Component]
    ./app/docs/[id]/pa
ge.tsx [Server 
Component]

  Client Component 
SSR:
    ./node_modules/@ti
ptap/extension-collabo
ration/dist/index.js 
[Client Component SSR]
    ./components/edito
r/Editor.tsx [Client 
Component SSR]
    ./components/edito
r/Editor.tsx [Server 
Component]
    ./app/docs/[id]/pa
ge.tsx [Server 
Component]

https://nextjs.org/doc
s/messages/module-not-
found


./node_modules/@tiptap
/extension-collaborati
on-cursor/dist/index.j
s:2:1
Module not found: 
Can't resolve 
'y-prosemirror'
[0m [90m 1 |[39m 
[36mimport[39m { 
[33mExtension[39m } 
[36mfrom[39m [32m'@
tiptap/core'[39m[33m
;[39m
[31m[1m>[22m[39m[
90m 2 |[39m 
[36mimport[39m { def
aultSelectionBuilder[
33m,[39m 
yCursorPlugin } 
[36mfrom[39m [32m'y
-prosemirror'[39m[33
m;[39m
 [90m   |[39m [31m
[1m^[22m[39m[31m[1
m^[22m[39m[31m[1m^
[22m[39m[31m[1m^[
22m[39m[31m[1m^[22
m[39m[31m[1m^[22m
[39m[31m[1m^[22m[3
9m[31m[1m^[22m[39m
[31m[1m^[22m[39m[
31m[1m^[22m[39m[31
m[1m^[22m[39m[31m
[1m^[22m[39m[31m[1
m^[22m[39m[31m[1m^
[22m[39m[31m[1m^[
22m[39m[31m[1m^[22
m[39m[31m[1m^[22m
[39m[31m[1m^[22m[3
9m[31m[1m^[22m[39m
[31m[1m^[22m[39m[
31m[1m^[22m[39m[31
m[1m^[22m[39m[31m
[1m^[22m[39m[31m[1
m^[22m[39m[31m[1m^
[22m[39m[31m[1m^[
22m[39m[31m[1m^[22
m[39m[31m[1m^[22m
[39m[31m[1m^[22m[3
9m[31m[1m^[22m[39m
[31m[1m^[22m[39m[
31m[1m^[22m[39m[31
m[1m^[22m[39m[31m
[1m^[22m[39m[31m[1
m^[22m[39m[31m[1m^
[22m[39m[31m[1m^[
22m[39m[31m[1m^[22
m[39m[31m[1m^[22m
[39m[31m[1m^[22m[3
9m[31m[1m^[22m[39m
[31m[1m^[22m[39m[
31m[1m^[22m[39m[31
m[1m^[22m[39m[31m
[1m^[22m[39m[31m[1
m^[22m[39m[31m[1m^
[22m[39m[31m[1m^[
22m[39m[31m[1m^[22
m[39m[31m[1m^[22m
[39m[31m[1m^[22m[3
9m[31m[1m^[22m[39m
[31m[1m^[22m[39m[
31m[1m^[22m[39m[31
m[1m^[22m[39m[31m
[1m^[22m[39m[31m[1
m^[22m[39m[31m[1m^
[22m[39m[31m[1m^[
22m[39m[31m[1m^[22
m[39m[31m[1m^[22m
[39m[31m[1m^[22m[3
9m[31m[1m^[22m[39m
[31m[1m^[22m[39m[
31m[1m^[22m[39m[31
m[1m^[22m[39m[31m
[1m^[22m[39m[31m[1
m^[22m[39m[31m[1m^
[22m[39m[31m[1m^[
22m[39m[31m[1m^[22
m[39m
 [90m 3 |[39m
 [90m 4 |[39m 
[36mconst[39m awaren
essStatesToArray 
[33m=[39m (states) 
[33m=>[39m {
 [90m 5 |[39m     
[36mreturn[39m [33m
Array[39m[33m.[39m
[36mfrom[39m(states[
33m.[39mentries())[3
3m.[39mmap(([key[33m
,[39m value]) 
[33m=>[39m {[0m



Import traces:
  Client Component 
Browser:
    ./node_modules/@ti
ptap/extension-collabo
ration-cursor/dist/ind
ex.js [Client 
Component Browser]
    ./components/edito
r/Editor.tsx [Client 
Component Browser]
    ./components/edito
r/Editor.tsx [Server 
Component]
    ./app/docs/[id]/pa
ge.tsx [Server 
Component]

  Client Component 
SSR:
    ./node_modules/@ti
ptap/extension-collabo
ration-cursor/dist/ind
ex.js [Client 
Component SSR]
    ./components/edito
r/Editor.tsx [Client 
Component SSR]
    ./components/edito
r/Editor.tsx [Server 
Component]
    ./app/docs/[id]/pa
ge.tsx [Server 
Component]

https://nextjs.org/doc
s/messages/module-not-
found


./lib/yjs/provider.ts:
2:1
Module not found: 
Can't resolve 
'y-supabase'
[0m [90m 1 |[39m 
[36mimport[39m 
[33m*[39m 
[36mas[39m 
[33mY[39m 
[36mfrom[39m [32m"y
js"[39m[33m;[39m
[31m[1m>[22m[39m[
90m 2 |[39m 
[36mimport[39m { [3
3mSupabaseProvider[39
m } [36mfrom[39m [3
2m"y-supabase"[39m[3
3m;[39m
 [90m   |[39m [31m
[1m^[22m[39m[31m[1
m^[22m[39m[31m[1m^
[22m[39m[31m[1m^[
22m[39m[31m[1m^[22
m[39m[31m[1m^[22m
[39m[31m[1m^[22m[3
9m[31m[1m^[22m[39m
[31m[1m^[22m[39m[
31m[1m^[22m[39m[31
m[1m^[22m[39m[31m
[1m^[22m[39m[31m[1
m^[22m[39m[31m[1m^
[22m[39m[31m[1m^[
22m[39m[31m[1m^[22
m[39m[31m[1m^[22m
[39m[31m[1m^[22m[3
9m[31m[1m^[22m[39m
[31m[1m^[22m[39m[
31m[1m^[22m[39m[31
m[1m^[22m[39m[31m
[1m^[22m[39m[31m[1
m^[22m[39m[31m[1m^
[22m[39m[31m[1m^[
22m[39m[31m[1m^[22
m[39m[31m[1m^[22m
[39m[31m[1m^[22m[3
9m[31m[1m^[22m[39m
[31m[1m^[22m[39m[
31m[1m^[22m[39m[31
m[1m^[22m[39m[31m
[1m^[22m[39m[31m[1
m^[22m[39m[31m[1m^
[22m[39m[31m[1m^[
22m[39m[31m[1m^[22
m[39m[31m[1m^[22m
[39m[31m[1m^[22m[3
9m[31m[1m^[22m[39m
[31m[1m^[22m[39m[
31m[1m^[22m[39m[31
m[1m^[22m[39m[31m
[1m^[22m[39m[31m[1
m^[22m[39m
 [90m 3 |[39m 
[36mimport[39m { 
supabase } 
[36mfrom[39m [32m"@
/lib/supabase/client"
[39m[33m;[39m
 [90m 4 |[39m
 [90m 5 |[39m 
[90m/**[39m[0m



Import traces:
  Client Component 
Browser:
    
./lib/yjs/provider.ts 
[Client Component 
Browser]
    ./components/edito
r/Editor.tsx [Client 
Component Browser]
    ./components/edito
r/Editor.tsx [Server 
Component]
    ./app/docs/[id]/pa
ge.tsx [Server 
Component]

  Client Component 
SSR:
    
./lib/yjs/provider.ts 
[Client Component SSR]
    ./components/edito
r/Editor.tsx [Client 
Component SSR]
    ./components/edito
r/Editor.tsx [Server 
Component]
    ./app/docs/[id]/pa
ge.tsx [Server 
Component]

https://nextjs.org/doc
s/messages/module-not-
found


    at 
./node_modules/ (tipta
p/extension-collaborat
ion/dist/index.js:4:1)
    at <unknown> (http
s://nextjs.org/docs/me
ssages/module-not-foun
d)
    at 
./node_modules/ (tipta
p/extension-collaborat
ion/dist/index.js:13:1
)
    at <unknown> (http
s://nextjs.org/docs/me
ssages/module-not-foun
d)
    at 
./node_modules/ (tipta
p/extension-collaborat
ion/dist/index.js:19:1
)
    at <unknown> (http
s://nextjs.org/docs/me
ssages/module-not-foun
d)
    at 
./node_modules/ (tipta
p/extension-collaborat
ion-cursor/dist/index.
js:2:1)
    at <unknown> (http
s://nextjs.org/docs/me
ssages/module-not-foun
d)
    at <unknown> (./li
b/yjs/provider.ts:2:1)
    at <unknown> (http
s://nextjs.org/docs/me
ssages/module-not-foun
d)
